// Jest Snapshot v1, https://goo.gl/fbAQLP

exports[`instructor view render 1`] = `"<div class=\\"BlockContainer\\">Loading: false<div class=\\"BlockView\\"><div class=\\"close-block\\">Close</div><div class=\\"BlockTimes\\"><div>Warning: Changing times will clear slots!</div><input name=\\"start\\" type=\\"time\\" value=\\"07:00\\">-<input name=\\"end\\" type=\\"time\\" value=\\"07:30\\"><input name=\\"date\\" type=\\"date\\" value=\\"2018-11-18\\"><label>Slot duration:<select name=\\"appointmentDuration\\"><option value=\\"300000\\">5 minutes</option><option value=\\"600000\\">10 minutes</option><option value=\\"900000\\">15 minutes</option></select></label>Slot number: 3</div><div class=\\"blockInfo\\">Owners:<input name=\\"owners\\" type=\\"text\\" value=\\"rossbob2,atat4\\"><br>Courses:<input name=\\"courseCodes\\" type=\\"text\\" value=\\"csc301,csc302\\"><br>Block Description<textarea name=\\"comment\\" rows=\\"4\\" cols=\\"50\\" placeholder=\\"Enter block description...\\">We don't make mistakes, just happy little accidents.</textarea><br><button class=\\"submit-button\\">Submit</button><button class=\\"submit-button\\">Delete</button></div></div><div class=\\"slot-container\\"><button id=\\"empty-button\\">Empty All Slots</button><button id=\\"update-button\\">Refresh</button><div class=\\"Slot\\" id=\\"slot0\\">7:00AM - 7:10AM<input class=\\"text-input\\" name=\\"identity0\\" id=\\"identity0\\" type=\\"text\\" placeholder=\\"Unassigned UtorID...\\" maxlength=\\"50\\" value=\\"parkerpeter15\\"><input class=\\"text-input\\" name=\\"note0\\" id=\\"note0\\" type=\\"text\\" placeholder=\\"Empty Note...\\" maxlength=\\"280\\" value=\\"Everyone gets one.\\"><span></span></div><div class=\\"Slot\\" id=\\"slot1\\">7:10AM - 7:20AM<input class=\\"text-input\\" name=\\"identity1\\" id=\\"identity1\\" type=\\"text\\" placeholder=\\"Unassigned UtorID...\\" maxlength=\\"50\\" value=\\"watsonmj25\\"><input class=\\"text-input\\" name=\\"note1\\" id=\\"note1\\" type=\\"text\\" placeholder=\\"Empty Note...\\" maxlength=\\"280\\" value=\\"Face it Tiger... you just hit the jackpot!\\"><span></span></div><div class=\\"Slot\\" id=\\"slot2\\">7:20AM - 7:30AM<input class=\\"text-input\\" name=\\"identity2\\" id=\\"identity2\\" type=\\"text\\" placeholder=\\"Unassigned UtorID...\\" maxlength=\\"50\\" value=\\"\\"><input class=\\"text-input\\" name=\\"note2\\" id=\\"note2\\" type=\\"text\\" placeholder=\\"Empty Note...\\" maxlength=\\"280\\" value=\\"\\"><span></span></div></div></div>"`;

exports[`student view render 1`] = `"<div class=\\"BlockContainer\\">Loading: false<div class=\\"BlockView\\"><div class=\\"close-block\\">Close</div><div class=\\"blockTimes\\">From: 07:00AM, To: 07:30AM, Date: 2018-11-18</div><div class=\\"blockInfo\\">Owners: rossbob2atat4<br>Courses:csc301csc302<br><h3>Block Description</h3><div> We don't make mistakes, just happy little accidents.  </div></div></div><div class=\\"slot-container\\"><button id=\\"empty-button\\">Empty My Slots</button><button id=\\"update-button\\">Refresh</button><div class=\\"Slot--mine\\" id=\\"slot0\\">7:00AM - 7:10AM<button id=\\"identity0\\">Unregister</button><input class=\\"text-input\\" name=\\"note0\\" id=\\"note0\\" type=\\"text\\" placeholder=\\"Empty Note...\\" maxlength=\\"280\\" value=\\"Everyone gets one.\\"><span></span></div><div class=\\"Slot--taken\\" id=\\"slot1\\">7:10AM - 7:20AM<button id=\\"identity1\\" disabled=\\"\\">Not Available</button><span id=\\"note1\\"></span><span></span></div><div class=\\"Slot\\" id=\\"slot2\\">7:20AM - 7:30AM<button id=\\"identity2\\">Register</button><span id=\\"note2\\"></span><span></span></div></div></div>"`;
